// Jest Snapshot v1, https://goo.gl/fbAQLP

exports[`Pruebas en Entry Component debe de hacer match con el snapshot 1`] = `
<div class="entry-container mb-3 pointer p-2">
  <!-- titulo -->
  <div class="entry-title d-flex"><span class="text-success fs-5 fw-bold">31</span><span class="mx-1 fs-5">Octubre</span><span class="mx-2 fw-ligth">2022, Lunes </span></div>
  <div class="entry-description">Hola mundo desde mock data</div>
</div>
`;
